[  148709ms] [ERROR] Warning: validateDOMNesting(...): %s cannot appear as a descendant of <%s>.%s <div> p 
    at div
    at http://localhost:3001/node_modules/.vite/deps/chunk-3J7BVSSO.js?v=1c387dd4:437:45
    at Chip2 (http://localhost:3001/node_modules/.vite/deps/chunk-7W2A4ODB.js?v=1c387dd4:7420:17)
    at div
    at http://localhost:3001/node_modules/.vite/deps/chunk-3J7BVSSO.js?v=1c387dd4:437:45
    at Grid2 (http://localhost:3001/node_modules/.vite/deps/chunk-WMEZNR7D.js?v=1c387dd4:5121:24)
    at p
    at http://localhost:3001/node_modules/.vite/deps/chunk-3J7BVSSO.js?v=1c387dd4:437:45
    at Typography2 (http://localhost:3001/node_modules/.vite/deps/chunk-7W2A4ODB.js?v=1c387dd4:3005:22)
    at div
    at http://localhost:3001/node_modules/.vite/deps/chunk-3J7BVSSO.js?v=1c387dd4:437:45
    at ListItemText2 (http://localhost:3001/node_modules/.vite/deps/chunk-5JXMBWV3.js?v=1c387dd4:3055:17)
    at li
    at http://localhost:3001/node_modules/.vite/deps/chunk-3J7BVSSO.js?v=1c387dd4:437:45
    at ListItem2 (http://localhost:3001/node_modules/.vite/deps/chunk-4H2FF56X.js?v=1c387dd4:1077:17)
    at ul
    at http://localhost:3001/node_modules/.vite/deps/chunk-3J7BVSSO.js?v=1c387dd4:437:45
    at List2 (http://localhost:3001/node_modules/.vite/deps/chunk-5JXMBWV3.js?v=1c387dd4:2836:17)
    at div
    at http://localhost:3001/node_modules/.vite/deps/chunk-3J7BVSSO.js?v=1c387dd4:437:45
    at Box3 (http://localhost:3001/node_modules/.vite/deps/chunk-WMEZNR7D.js?v=1c387dd4:2988:19)
    at div
    at http://localhost:3001/node_modules/.vite/deps/chunk-3J7BVSSO.js?v=1c387dd4:437:45
    at Grid2 (http://localhost:3001/node_modules/.vite/deps/chunk-WMEZNR7D.js?v=1c387dd4:5121:24)
    at div
    at http://localhost:3001/node_modules/.vite/deps/chunk-3J7BVSSO.js?v=1c387dd4:437:45
    at DialogContent2 (http://localhost:3001/node_modules/.vite/deps/chunk-4H2FF56X.js?v=1c387dd4:590:17)
    at div
    at http://localhost:3001/node_modules/.vite/deps/chunk-3J7BVSSO.js?v=1c387dd4:437:45
    at Paper2 (http://localhost:3001/node_modules/.vite/deps/chunk-7W2A4ODB.js?v=1c387dd4:336:17)
    at http://localhost:3001/node_modules/.vite/deps/chunk-3J7BVSSO.js?v=1c387dd4:437:45
    at div
    at http://localhost:3001/node_modules/.vite/deps/chunk-3J7BVSSO.js?v=1c387dd4:437:45
    at Transition2 (http://localhost:3001/node_modules/.vite/deps/chunk-7W2A4ODB.js?v=1c387dd4:546:30)
    at Fade2 (http://localhost:3001/node_modules/.vite/deps/chunk-5JXMBWV3.js?v=1c387dd4:99:17)
    at FocusTrap (http://localhost:3001/node_modules/.vite/deps/chunk-7W2A4ODB.js?v=1c387dd4:3324:15)
    at div
    at http://localhost:3001/node_modules/.vite/deps/chunk-3J7BVSSO.js?v=1c387dd4:437:45
    at Portal2 (http://localhost:3001/node_modules/.vite/deps/chunk-7W2A4ODB.js?v=1c387dd4:3548:15)
    at Modal2 (http://localhost:3001/node_modules/.vite/deps/chunk-5JXMBWV3.js?v=1c387dd4:517:17)
    at http://localhost:3001/node_modules/.vite/deps/chunk-3J7BVSSO.js?v=1c387dd4:437:45
    at Dialog2 (http://localhost:3001/node_modules/.vite/deps/chunk-4H2FF56X.js?v=1c387dd4:204:17)
    at ChatGroupMembersDialog (http://localhost:3001/src/features/chat/components/ChatGroupMembersDialog.tsx:24:3)
    at ChatPage (http://localhost:3001/src/features/chat/ChatPage.tsx:33:7)
    at Suspense
    at RenderedRoute (http://localhost:3001/node_modules/.vite/deps/chunk-PB2LIAU6.js?v=1c387dd4:3547:5)
    at Outlet (http://localhost:3001/node_modules/.vite/deps/chunk-PB2LIAU6.js?v=1c387dd4:3981:26)
    at main
    at http://localhost:3001/node_modules/.vite/deps/chunk-3J7BVSSO.js?v=1c387dd4:437:45
    at Box3 (http://localhost:3001/node_modules/.vite/deps/chunk-WMEZNR7D.js?v=1c387dd4:2988:19)
    at Main (http://localhost:3001/src/layouts/dashboard/Main.tsx?t=1771014544750:23:3)
    at DashboardLayout (http://localhost:3001/src/layouts/dashboard/DashboardLayout.tsx?t=1771014544750:31:7)
    at StripeGuard (http://localhost:3001/src/features/auth/StripeGuard.tsx?t=1771014544750:21:3)
    at RoleBasedGuard (http://localhost:3001/src/features/auth/RoleBasedGuard.tsx?t=1771014544750:23:3)
    at AuthGuard (http://localhost:3001/src/features/auth/AuthGuard.tsx?t=1771014544750:23:3)
    at RenderedRoute (http://localhost:3001/node_modules/.vite/deps/chunk-PB2LIAU6.js?v=1c387dd4:3547:5)
    at RenderErrorBoundary (http://localhost:3001/node_modules/.vite/deps/chunk-PB2LIAU6.js?v=1c387dd4:3507:5)
    at Outlet (http://localhost:3001/node_modules/.vite/deps/chunk-PB2LIAU6.js?v=1c387dd4:3981:26)
    at ConfirmActionProvider (http://localhost:3001/src/components/confirm-action/ConfirmAction.tsx:23:3)
    at SnackbarProvider2 (http://localhost:3001/node_modules/.vite/deps/notistack.js?v=1c387dd4:1233:24)
    at SnackbarProvider (http://localhost:3001/src/components/snackbar/SnackbarProvider.tsx:25:3)
    at ThemeProvider (http://localhost:3001/node_modules/.vite/deps/chunk-WMEZNR7D.js?v=1c387dd4:3405:5)
    at ThemeProvider2 (http://localhost:3001/node_modules/.vite/deps/chunk-WMEZNR7D.js?v=1c387dd4:3464:5)
    at ThemeProvider (http://localhost:3001/node_modules/.vite/deps/chunk-ZLLQJHZF.js?v=1c387dd4:304:12)
    at ThemeLocalization (http://localhost:3001/src/locales/ThemeLocalization.tsx:20:3)
    at ThemeRtlLayout (http://localhost:3001/src/components/settings/ThemeRtlLayout.tsx:24:3)
    at ThemeProvider (http://localhost:3001/node_modules/.vite/deps/chunk-WMEZNR7D.js?v=1c387dd4:3405:5)
    at ThemeProvider2 (http://localhost:3001/node_modules/.vite/deps/chunk-WMEZNR7D.js?v=1c387dd4:3464:5)
    at ThemeProvider (http://localhost:3001/node_modules/.vite/deps/chunk-ZLLQJHZF.js?v=1c387dd4:304:12)
    at ThemeContrast (http://localhost:3001/src/components/settings/ThemeContrast.tsx:23:3)
    at ThemeProvider (http://localhost:3001/node_modules/.vite/deps/chunk-WMEZNR7D.js?v=1c387dd4:3405:5)
    at ThemeProvider2 (http://localhost:3001/node_modules/.vite/deps/chunk-WMEZNR7D.js?v=1c387dd4:3464:5)
    at ThemeProvider (http://localhost:3001/node_modules/.vite/deps/chunk-ZLLQJHZF.js?v=1c387dd4:304:12)
    at ThemeColorPresets (http://localhost:3001/src/components/settings/ThemeColorPresets.tsx:22:3)
    at ThemeSettings (http://localhost:3001/src/components/settings/ThemeSettings.tsx:20:3)
    at ThemeProvider (http://localhost:3001/node_modules/.vite/deps/chunk-WMEZNR7D.js?v=1c387dd4:3405:5)
    at ThemeProvider2 (http://localhost:3001/node_modules/.vite/deps/chunk-WMEZNR7D.js?v=1c387dd4:3464:5)
    at ThemeProvider (http://localhost:3001/node_modules/.vite/deps/chunk-ZLLQJHZF.js?v=1c387dd4:304:12)
    at StyledEngineProvider (http://localhost:3001/node_modules/.vite/deps/chunk-WMEZNR7D.js?v=1c387dd4:977:5)
    at ThemeProvider (http://localhost:3001/src/theme/index.tsx:28:3)
    at div
    at VisualElementHandler (http://localhost:3001/node_modules/.vite/deps/framer-motion.js?v=1c387dd4:290:28)
    at MotionComponent (http://localhost:3001/node_modules/.vite/deps/framer-motion.js?v=1c387dd4:319:40)
    at LazyMotion (http://localhost:3001/node_modules/.vite/deps/framer-motion.js?v=1c387dd4:6847:23)
    at MotionLazyContainer (http://localhost:3001/src/components/animate/MotionLazyContainer.tsx:19:3)
    at IntlProvider3 (http://localhost:3001/node_modules/.vite/deps/react-intl.js?v=1c387dd4:4259:45)
    at AuthProvider (http://localhost:3001/src/features/auth/JwtContext.tsx?t=1771014544750:38:3)
    at LocalizationProvider2 (http://localhost:3001/node_modules/.vite/deps/chunk-OIUZHPCY.js?v=1c387dd4:35:17)
    at App
    at RenderedRoute (http://localhost:3001/node_modules/.vite/deps/chunk-PB2LIAU6.js?v=1c387dd4:3547:5)
    at RenderErrorBoundary (http://localhost:3001/node_modules/.vite/deps/chunk-PB2LIAU6.js?v=1c387dd4:3507:5)
    at DataRoutes (http://localhost:3001/node_modules/.vite/deps/react-router-dom.js?v=1c387dd4:535:5)
    at Router (http://localhost:3001/node_modules/.vite/deps/chunk-PB2LIAU6.js?v=1c387dd4:3988:15)
    at RouterProvider (http://localhost:3001/node_modules/.vite/deps/react-router-dom.js?v=1c387dd4:352:5)
    at SettingsProvider (http://localhost:3001/src/components/settings/SettingsContext.tsx:69:3)
    at r2 (http://localhost:3001/node_modules/.vite/deps/react-helmet-async.js?v=1c387dd4:418:21)
    at LocalizationProvider2 (http://localhost:3001/node_modules/.vite/deps/chunk-OIUZHPCY.js?v=1c387dd4:35:17)
    at QueryClientProvider (http://localhost:3001/node_modules/.vite/deps/@tanstack_react-query.js?v=1c387dd4:2847:3) @ http://localhost:3001/node_modules/.vite/deps/chunk-GYWC62UC.js?v=1c387dd4:520
[  260212ms] [ERROR] Failed to load resource: the server responded with a status of 404 (Not Found) @ http://localhost:3001/api/admin/chat-groups/1:0
[  260230ms] [ERROR] AxiosError @ http://localhost:3001/node_modules/.vite/deps/@tanstack_react-query.js?v=1c387dd4:1004
[  353225ms] [ERROR] Failed to load resource: the server responded with a status of 404 (Not Found) @ http://localhost:3001/api/admin/chat-groups/2:0
[  353241ms] [ERROR] AxiosError @ http://localhost:3001/node_modules/.vite/deps/@tanstack_react-query.js?v=1c387dd4:1004
[  372534ms] [WARNING] [MSW] Found a redundant "worker.stop()" call. Note that stopping the worker while mocking already stopped has no effect. Consider removing this "worker.stop()" call. @ http://localhost:3001/node_modules/.vite/deps/msw.js?v=1c387dd4:25303
[  376659ms] [ERROR] Failed to load resource: the server responded with a status of 500 (Internal Server Error) @ http://localhost:3001/api/admin/users/me:0
[  594997ms] [WARNING] [MSW] Found a redundant "worker.stop()" call. Note that stopping the worker while mocking already stopped has no effect. Consider removing this "worker.stop()" call. @ http://localhost:3001/node_modules/.vite/deps/msw.js?v=1c387dd4:25303
[  639890ms] [ERROR] Failed to load resource: the server responded with a status of 403 (Forbidden) @ http://localhost:3001/api/admin/users/me:0
[  643521ms] [ERROR] Failed to load resource: the server responded with a status of 403 (Forbidden) @ http://localhost:3001/api/admin/users/me:0
[ 1038672ms] [ERROR] Failed to load resource: the server responded with a status of 403 (Forbidden) @ http://localhost:3001/api/admin/users/me:0
[ 1040255ms] [WARNING] [MSW] Found a redundant "worker.stop()" call. Note that stopping the worker while mocking already stopped has no effect. Consider removing this "worker.stop()" call. @ http://localhost:3001/node_modules/.vite/deps/msw.js?v=1c387dd4:25303
[ 1050910ms] [ERROR] Failed to load resource: the server responded with a status of 403 (Forbidden) @ http://localhost:3001/api/admin/users/me:0
[ 1056273ms] [ERROR] Failed to load resource: the server responded with a status of 403 (Forbidden) @ http://localhost:3001/api/admin/users/me:0
