[   17542ms] [WARNING] MUI: The value provided to Autocomplete is invalid.
None of the options match with `""`.
You can use the `isOptionEqualToValue` prop to customize the equality test. @ http://localhost:5173/node_modules/.vite/deps/chunk-7W2A4ODB.js?v=1c387dd4:4266
[   17551ms] [ERROR] Warning: React does not recognize the `%s` prop on a DOM element. If you intentionally want it to appear in the DOM as a custom attribute, spell it as lowercase `%s` instead. If you accidentally passed it from a parent component, remove it from the DOM element.%s formState formstate 
    at div
    at http://localhost:5173/node_modules/.vite/deps/chunk-3J7BVSSO.js?v=1c387dd4:437:45
    at Autocomplete2 (http://localhost:5173/node_modules/.vite/deps/chunk-QLWQZVTH.js?v=1c387dd4:563:17)
    at div
    at http://localhost:5173/node_modules/.vite/deps/chunk-3J7BVSSO.js?v=1c387dd4:437:45
    at Grid2 (http://localhost:5173/node_modules/.vite/deps/@mui_material.js?v=1c387dd4:4513:22)
    at GridItem (http://localhost:5173/src/components/form/GridItem.tsx:18:3)
    at HitAutocompleteField (http://localhost:5173/src/components/form/HitAutocompleteField.tsx:23:3)
    at Controller (http://localhost:5173/node_modules/.vite/deps/chunk-TLMFXMNA.js?v=1c387dd4:304:35)
    at div
    at http://localhost:5173/node_modules/.vite/deps/chunk-3J7BVSSO.js?v=1c387dd4:437:45
    at Box3 (http://localhost:5173/node_modules/.vite/deps/chunk-WMEZNR7D.js?v=1c387dd4:2988:19)
    at div
    at http://localhost:5173/node_modules/.vite/deps/chunk-3J7BVSSO.js?v=1c387dd4:437:45
    at Box3 (http://localhost:5173/node_modules/.vite/deps/chunk-WMEZNR7D.js?v=1c387dd4:2988:19)
    at div
    at http://localhost:5173/node_modules/.vite/deps/chunk-3J7BVSSO.js?v=1c387dd4:437:45
    at Grid2 (http://localhost:5173/node_modules/.vite/deps/@mui_material.js?v=1c387dd4:4513:22)
    at HitFormGrid (http://localhost:5173/src/components/form/HitForm.tsx:47:3)
    at form
    at FormProvider (http://localhost:5173/node_modules/.vite/deps/chunk-TLMFXMNA.js?v=1c387dd4:80:11)
    at HitForm (http://localhost:5173/src/components/form/HitForm.tsx:19:3)
    at div
    at http://localhost:5173/node_modules/.vite/deps/chunk-3J7BVSSO.js?v=1c387dd4:437:45
    at Box3 (http://localhost:5173/node_modules/.vite/deps/chunk-WMEZNR7D.js?v=1c387dd4:2988:19)
    at DailyLogForm (http://localhost:5173/src/features/daily-log/DailyLogForm.tsx:39:3)
    at div
    at http://localhost:5173/node_modules/.vite/deps/chunk-3J7BVSSO.js?v=1c387dd4:437:45
    at Paper2 (http://localhost:5173/node_modules/.vite/deps/chunk-7W2A4ODB.js?v=1c387dd4:336:17)
    at FocusTrap (http://localhost:5173/node_modules/.vite/deps/chunk-7W2A4ODB.js?v=1c387dd4:3324:15)
    at div
    at http://localhost:5173/node_modules/.vite/deps/chunk-3J7BVSSO.js?v=1c387dd4:437:45
    at Portal2 (http://localhost:5173/node_modules/.vite/deps/chunk-7W2A4ODB.js?v=1c387dd4:3548:15)
    at Modal2 (http://localhost:5173/node_modules/.vite/deps/chunk-5JXMBWV3.js?v=1c387dd4:517:17)
    at IslandModal (http://localhost:5173/src/components/island-modal/IslandModal.tsx:18:3)
    at DailyLogPage (http://localhost:5173/src/features/daily-log/DailyLogPage.tsx?t=1776365008789:32:7)
    at Suspense
    at RenderedRoute (http://localhost:5173/node_modules/.vite/deps/chunk-PB2LIAU6.js?v=1c387dd4:3547:5)
    at Outlet (http://localhost:5173/node_modules/.vite/deps/chunk-PB2LIAU6.js?v=1c387dd4:3981:26)
    at main
    at http://localhost:5173/node_modules/.vite/deps/chunk-3J7BVSSO.js?v=1c387dd4:437:45
    at Box3 (http://localhost:5173/node_modules/.vite/deps/chunk-WMEZNR7D.js?v=1c387dd4:2988:19)
    at Main (http://localhost:5173/src/layouts/dashboard/Main.tsx?t=1776355983218:23:3)
    at DashboardLayout (http://localhost:5173/src/layouts/dashboard/DashboardLayout.tsx?t=1776355983218:31:7)
    at StripeGuard (http://localhost:5173/src/features/auth/StripeGuard.tsx?t=1776355983218:21:3)
    at RoleBasedGuard (http://localhost:5173/src/features/auth/RoleBasedGuard.tsx?t=1776355983218:23:3)
    at AuthGuard (http://localhost:5173/src/features/auth/AuthGuard.tsx?t=1776355983218:23:3)
    at RenderedRoute (http://localhost:5173/node_modules/.vite/deps/chunk-PB2LIAU6.js?v=1c387dd4:3547:5)
    at RenderErrorBoundary (http://localhost:5173/node_modules/.vite/deps/chunk-PB2LIAU6.js?v=1c387dd4:3507:5)
    at Outlet (http://localhost:5173/node_modules/.vite/deps/chunk-PB2LIAU6.js?v=1c387dd4:3981:26)
    at ConfirmActionProvider (http://localhost:5173/src/components/confirm-action/ConfirmAction.tsx:23:3)
    at SnackbarProvider2 (http://localhost:5173/node_modules/.vite/deps/notistack.js?v=1c387dd4:1233:24)
    at SnackbarProvider (http://localhost:5173/src/components/snackbar/SnackbarProvider.tsx:25:3)
    at ThemeProvider (http://localhost:5173/node_modules/.vite/deps/chunk-WMEZNR7D.js?v=1c387dd4:3405:5)
    at ThemeProvider2 (http://localhost:5173/node_modules/.vite/deps/chunk-WMEZNR7D.js?v=1c387dd4:3464:5)
    at ThemeProvider (http://localhost:5173/node_modules/.vite/deps/chunk-ZLLQJHZF.js?v=1c387dd4:304:12)
    at ThemeLocalization (http://localhost:5173/src/locales/ThemeLocalization.tsx:20:3)
    at ThemeRtlLayout (http://localhost:5173/src/components/settings/ThemeRtlLayout.tsx:24:3)
    at ThemeProvider (http://localhost:5173/node_modules/.vite/deps/chunk-WMEZNR7D.js?v=1c387dd4:3405:5)
    at ThemeProvider2 (http://localhost:5173/node_modules/.vite/deps/chunk-WMEZNR7D.js?v=1c387dd4:3464:5)
    at ThemeProvider (http://localhost:5173/node_modules/.vite/deps/chunk-ZLLQJHZF.js?v=1c387dd4:304:12)
    at ThemeContrast (http://localhost:5173/src/components/settings/ThemeContrast.tsx:23:3)
    at ThemeProvider (http://localhost:5173/node_modules/.vite/deps/chunk-WMEZNR7D.js?v=1c387dd4:3405:5)
    at ThemeProvider2 (http://localhost:5173/node_modules/.vite/deps/chunk-WMEZNR7D.js?v=1c387dd4:3464:5)
    at ThemeProvider (http://localhost:5173/node_modules/.vite/deps/chunk-ZLLQJHZF.js?v=1c387dd4:304:12)
    at ThemeColorPresets (http://localhost:5173/src/components/settings/ThemeColorPresets.tsx:22:3)
    at ThemeSettings (http://localhost:5173/src/components/settings/ThemeSettings.tsx:20:3)
    at ThemeProvider (http://localhost:5173/node_modules/.vite/deps/chunk-WMEZNR7D.js?v=1c387dd4:3405:5)
    at ThemeProvider2 (http://localhost:5173/node_modules/.vite/deps/chunk-WMEZNR7D.js?v=1c387dd4:3464:5)
    at ThemeProvider (http://localhost:5173/node_modules/.vite/deps/chunk-ZLLQJHZF.js?v=1c387dd4:304:12)
    at StyledEngineProvider (http://localhost:5173/node_modules/.vite/deps/chunk-WMEZNR7D.js?v=1c387dd4:977:5)
    at ThemeProvider (http://localhost:5173/src/theme/index.tsx:28:3)
    at div
    at VisualElementHandler (http://localhost:5173/node_modules/.vite/deps/framer-motion.js?v=1c387dd4:290:28)
    at MotionComponent (http://localhost:5173/node_modules/.vite/deps/framer-motion.js?v=1c387dd4:319:40)
    at LazyMotion (http://localhost:5173/node_modules/.vite/deps/framer-motion.js?v=1c387dd4:6847:23)
    at MotionLazyContainer (http://localhost:5173/src/components/animate/MotionLazyContainer.tsx:19:3)
    at IntlProvider3 (http://localhost:5173/node_modules/.vite/deps/react-intl.js?v=1c387dd4:4259:45)
    at AuthProvider (http://localhost:5173/src/features/auth/JwtContext.tsx?t=1776355983218:38:3)
    at LocalizationProvider2 (http://localhost:5173/node_modules/.vite/deps/chunk-OIUZHPCY.js?v=1c387dd4:35:17)
    at App
    at RenderedRoute (http://localhost:5173/node_modules/.vite/deps/chunk-PB2LIAU6.js?v=1c387dd4:3547:5)
    at RenderErrorBoundary (http://localhost:5173/node_modules/.vite/deps/chunk-PB2LIAU6.js?v=1c387dd4:3507:5)
    at DataRoutes (http://localhost:5173/node_modules/.vite/deps/react-router-dom.js?v=1c387dd4:535:5)
    at Router (http://localhost:5173/node_modules/.vite/deps/chunk-PB2LIAU6.js?v=1c387dd4:3988:15)
    at RouterProvider (http://localhost:5173/node_modules/.vite/deps/react-router-dom.js?v=1c387dd4:352:5)
    at SettingsProvider (http://localhost:5173/src/components/settings/SettingsContext.tsx:69:3)
    at r2 (http://localhost:5173/node_modules/.vite/deps/react-helmet-async.js?v=1c387dd4:418:21)
    at LocalizationProvider2 (http://localhost:5173/node_modules/.vite/deps/chunk-OIUZHPCY.js?v=1c387dd4:35:17)
    at QueryClientProvider (http://localhost:5173/node_modules/.vite/deps/@tanstack_react-query.js?v=1c387dd4:2847:3) @ http://localhost:5173/node_modules/.vite/deps/chunk-GYWC62UC.js?v=1c387dd4:520
[   17577ms] [WARNING] MUI: The value provided to Autocomplete is invalid.
None of the options match with `""`.
You can use the `isOptionEqualToValue` prop to customize the equality test. @ http://localhost:5173/node_modules/.vite/deps/chunk-7W2A4ODB.js?v=1c387dd4:4266
[   70292ms] [WARNING] MUI: The value provided to Autocomplete is invalid.
None of the options match with `""`.
You can use the `isOptionEqualToValue` prop to customize the equality test. @ http://localhost:5173/node_modules/.vite/deps/chunk-7W2A4ODB.js?v=1c387dd4:4266
[   70299ms] [WARNING] MUI: The value provided to Autocomplete is invalid.
None of the options match with `""`.
You can use the `isOptionEqualToValue` prop to customize the equality test. @ http://localhost:5173/node_modules/.vite/deps/chunk-7W2A4ODB.js?v=1c387dd4:4266
[   70314ms] [WARNING] MUI: The value provided to Autocomplete is invalid.
None of the options match with `""`.
You can use the `isOptionEqualToValue` prop to customize the equality test. @ http://localhost:5173/node_modules/.vite/deps/chunk-7W2A4ODB.js?v=1c387dd4:4266
[   70321ms] [WARNING] MUI: The value provided to Autocomplete is invalid.
None of the options match with `""`.
You can use the `isOptionEqualToValue` prop to customize the equality test. @ http://localhost:5173/node_modules/.vite/deps/chunk-7W2A4ODB.js?v=1c387dd4:4266
[   70328ms] [WARNING] MUI: The value provided to Autocomplete is invalid.
None of the options match with `""`.
You can use the `isOptionEqualToValue` prop to customize the equality test. @ http://localhost:5173/node_modules/.vite/deps/chunk-7W2A4ODB.js?v=1c387dd4:4266
[   70335ms] [WARNING] MUI: The value provided to Autocomplete is invalid.
None of the options match with `""`.
You can use the `isOptionEqualToValue` prop to customize the equality test. @ http://localhost:5173/node_modules/.vite/deps/chunk-7W2A4ODB.js?v=1c387dd4:4266
[  192383ms] [WARNING] MUI: The value provided to Autocomplete is invalid.
None of the options match with `""`.
You can use the `isOptionEqualToValue` prop to customize the equality test. @ http://localhost:5173/node_modules/.vite/deps/chunk-7W2A4ODB.js?v=1c387dd4:4266
[  192407ms] [WARNING] MUI: The value provided to Autocomplete is invalid.
None of the options match with `""`.
You can use the `isOptionEqualToValue` prop to customize the equality test. @ http://localhost:5173/node_modules/.vite/deps/chunk-7W2A4ODB.js?v=1c387dd4:4266
