[     633ms] [ERROR] Failed to load resource: the server responded with a status of 404 () @ https://cdn.cookielaw.org/scripttemplates/data/keys.json:0
[     633ms] [ERROR] Error loading license keys Error: Failed to fetch keys. Status: 404
    at https://synerg.adp.com/config/synerg-config.js:1:22228
    at Generator.next (<anonymous>)
    at r (https://synerg.adp.com/config/synerg-config.js:1:21829) @ https://synerg.adp.com/config/synerg-config.js:0
[     633ms] [ERROR] Failed to load resource: the server responded with a status of 404 () @ https://cdn.cookielaw.org/scripttemplates/synerg-web-components/synerg-web-components-5.49.1.esm.js:0
[     633ms] [ERROR] Initialization failed: Event @ https://synerg.adp.com/config/synerg-config.js:0
[     634ms] Event
[     634ms] Event
[    1211ms] [INFO] %cDownload the React DevTools for a better development experience: https://reactjs.org/link/react-devtools font-weight:bold @ https://developers.adp.com/static/index.js:200
[    1231ms] [LOG] PROD @ https://developers.adp.com/static/index.js:495
[    1257ms] [LOG] Duplicate agent injection detected, turning off redundant initConfig. @ https://js-cdn.dynatrace.com/jstag/176666e3e5a/bf11493kpk/17ac60b5111a5900_complete.js:5
[    1257ms] [LOG] InitConfig not found or agent already initialized! This is an injection issue. @ https://js-cdn.dynatrace.com/jstag/176666e3e5a/bf11493kpk/17ac60b5111a5900_complete.js:49
[    1257ms] [LOG] Duplicate agent injection detected, turning off redundant asyncCore. @ https://js-cdn.dynatrace.com/jstag/176666e3e5a/bf11493kpk/17ac60b5111a5900_complete.js:267
[    1257ms] [LOG] WARNING: Module "7" already enabled! @ https://js-cdn.dynatrace.com/jstag/176666e3e5a/bf11493kpk/17ac60b5111a5900_complete.js:112
[    1257ms] [LOG] WARNING: Module "N" already enabled! @ https://js-cdn.dynatrace.com/jstag/176666e3e5a/bf11493kpk/17ac60b5111a5900_complete.js:112
[    1257ms] [LOG] WARNING: Module "V" already enabled! @ https://js-cdn.dynatrace.com/jstag/176666e3e5a/bf11493kpk/17ac60b5111a5900_complete.js:112
[    1257ms] [LOG] WARNING: Module "f" already enabled! @ https://js-cdn.dynatrace.com/jstag/176666e3e5a/bf11493kpk/17ac60b5111a5900_complete.js:112
[    1258ms] [LOG] WARNING: Module "h" already enabled! @ https://js-cdn.dynatrace.com/jstag/176666e3e5a/bf11493kpk/17ac60b5111a5900_complete.js:112
[    1258ms] [LOG] WARNING: Module "q" already enabled! @ https://js-cdn.dynatrace.com/jstag/176666e3e5a/bf11493kpk/17ac60b5111a5900_complete.js:112
[    1258ms] [LOG] WARNING: Module "r" already enabled! @ https://js-cdn.dynatrace.com/jstag/176666e3e5a/bf11493kpk/17ac60b5111a5900_complete.js:112
[    1258ms] [LOG] WARNING: Module "u" already enabled! @ https://js-cdn.dynatrace.com/jstag/176666e3e5a/bf11493kpk/17ac60b5111a5900_complete.js:112
[    1258ms] [LOG] WARNING: Module "x" already enabled! @ https://js-cdn.dynatrace.com/jstag/176666e3e5a/bf11493kpk/17ac60b5111a5900_complete.js:112
