[    1463ms] [LOG] Core SynerG Components are ready with the default theme @ https://developers.adp.com/articles/preview/guide-worker-management-api-guide-for-adp-workforce-now-0?chapter=3:34
[    1565ms] [LOG] SynerG Extensions Components are ready with the default theme @ https://developers.adp.com/articles/preview/guide-worker-management-api-guide-for-adp-workforce-now-0?chapter=3:43
[    1566ms] [LOG] Both libraries are ready @ https://developers.adp.com/articles/preview/guide-worker-management-api-guide-for-adp-workforce-now-0?chapter=3:55
[    1575ms] [LOG] Initialize SDFXConfig @ https://developers.adp.com/articles/preview/guide-worker-management-api-guide-for-adp-workforce-now-0?chapter=3:50
[    1716ms] [INFO] %cDownload the React DevTools for a better development experience: https://reactjs.org/link/react-devtools font-weight:bold @ https://developers.adp.com/static/index.js:200
[    1737ms] [LOG] PROD @ https://developers.adp.com/static/index.js:495
[    1749ms] [WARNING] Selector unknown returned a different result when called with the same parameters. This can lead to unnecessary rerenders.
Selectors that return a new reference (such as an object or an array) should be memoized: https://redux.js.org/usage/deriving-data-selectors#optimizing-selectors-with-memoization {state: Object, selected: Object, selected2: Object, stack: Error
    at https://developers.adp.com/static/ind…tps://developers.adp.com/static/index.js:141:383)} @ https://developers.adp.com/static/index.js:217
[    1772ms] [WARNING] ⚠️ React Router Future Flag Warning: React Router will begin wrapping state updates in `React.startTransition` in v7. You can use the `v7_startTransition` future flag to opt-in early. For more information, see https://reactrouter.com/v6/upgrading/future#v7_starttransition. @ https://developers.adp.com/static/index.js:280
[    1772ms] [WARNING] ⚠️ React Router Future Flag Warning: Relative route resolution within Splat routes is changing in v7. You can use the `v7_relativeSplatPath` future flag to opt-in early. For more information, see https://reactrouter.com/v6/upgrading/future#v7_relativesplatpath. @ https://developers.adp.com/static/index.js:280
[    1797ms] [LOG] Duplicate agent injection detected, turning off redundant initConfig. @ https://js-cdn.dynatrace.com/jstag/176666e3e5a/bf11493kpk/17ac60b5111a5900_complete.js:5
[    1797ms] [LOG] InitConfig not found or agent already initialized! This is an injection issue. @ https://js-cdn.dynatrace.com/jstag/176666e3e5a/bf11493kpk/17ac60b5111a5900_complete.js:49
[    1798ms] [LOG] Duplicate agent injection detected, turning off redundant asyncCore. @ https://js-cdn.dynatrace.com/jstag/176666e3e5a/bf11493kpk/17ac60b5111a5900_complete.js:267
[    1798ms] [LOG] WARNING: Module "7" already enabled! @ https://js-cdn.dynatrace.com/jstag/176666e3e5a/bf11493kpk/17ac60b5111a5900_complete.js:112
[    1798ms] [LOG] WARNING: Module "N" already enabled! @ https://js-cdn.dynatrace.com/jstag/176666e3e5a/bf11493kpk/17ac60b5111a5900_complete.js:112
[    1798ms] [LOG] WARNING: Module "V" already enabled! @ https://js-cdn.dynatrace.com/jstag/176666e3e5a/bf11493kpk/17ac60b5111a5900_complete.js:112
[    1798ms] [LOG] WARNING: Module "f" already enabled! @ https://js-cdn.dynatrace.com/jstag/176666e3e5a/bf11493kpk/17ac60b5111a5900_complete.js:112
[    1798ms] [LOG] WARNING: Module "h" already enabled! @ https://js-cdn.dynatrace.com/jstag/176666e3e5a/bf11493kpk/17ac60b5111a5900_complete.js:112
[    1798ms] [LOG] WARNING: Module "q" already enabled! @ https://js-cdn.dynatrace.com/jstag/176666e3e5a/bf11493kpk/17ac60b5111a5900_complete.js:112
[    1798ms] [LOG] WARNING: Module "r" already enabled! @ https://js-cdn.dynatrace.com/jstag/176666e3e5a/bf11493kpk/17ac60b5111a5900_complete.js:112
[    1798ms] [LOG] WARNING: Module "u" already enabled! @ https://js-cdn.dynatrace.com/jstag/176666e3e5a/bf11493kpk/17ac60b5111a5900_complete.js:112
[    1798ms] [LOG] WARNING: Module "x" already enabled! @ https://js-cdn.dynatrace.com/jstag/176666e3e5a/bf11493kpk/17ac60b5111a5900_complete.js:112
[    2084ms] [ERROR] Failed to load resource: the server responded with a status of 401 () @ https://developers.adp.com/api/userInfo:0
[    4092ms] [WARNING] Selector unknown returned a different result when called with the same parameters. This can lead to unnecessary rerenders.
Selectors that return a new reference (such as an object or an array) should be memoized: https://redux.js.org/usage/deriving-data-selectors#optimizing-selectors-with-memoization {state: Object, selected: Object, selected2: Object, stack: Error
    at https://developers.adp.com/static/ind…tps://developers.adp.com/static/index.js:141:383)} @ https://developers.adp.com/static/index.js:217
