[    1214ms] [LOG] Core SynerG Components are ready with the default theme @ https://developers.adp.com/articles/guides/workers-data-collection:34
[    1270ms] [LOG] SynerG Extensions Components are ready with the default theme @ https://developers.adp.com/articles/guides/workers-data-collection:43
[    1271ms] [LOG] Both libraries are ready @ https://developers.adp.com/articles/guides/workers-data-collection:55
[    1274ms] [LOG] Initialize SDFXConfig @ https://developers.adp.com/articles/guides/workers-data-collection:50
[    1432ms] [INFO] %cDownload the React DevTools for a better development experience: https://reactjs.org/link/react-devtools font-weight:bold @ https://developers.adp.com/static/index.js:200
[    1454ms] [LOG] PROD @ https://developers.adp.com/static/index.js:495
[    1488ms] [LOG] Duplicate agent injection detected, turning off redundant initConfig. @ https://js-cdn.dynatrace.com/jstag/176666e3e5a/bf11493kpk/17ac60b5111a5900_complete.js:5
[    1488ms] [LOG] InitConfig not found or agent already initialized! This is an injection issue. @ https://js-cdn.dynatrace.com/jstag/176666e3e5a/bf11493kpk/17ac60b5111a5900_complete.js:49
[    1488ms] [LOG] Duplicate agent injection detected, turning off redundant asyncCore. @ https://js-cdn.dynatrace.com/jstag/176666e3e5a/bf11493kpk/17ac60b5111a5900_complete.js:267
[    1488ms] [LOG] WARNING: Module "7" already enabled! @ https://js-cdn.dynatrace.com/jstag/176666e3e5a/bf11493kpk/17ac60b5111a5900_complete.js:112
[    1488ms] [LOG] WARNING: Module "N" already enabled! @ https://js-cdn.dynatrace.com/jstag/176666e3e5a/bf11493kpk/17ac60b5111a5900_complete.js:112
[    1489ms] [LOG] WARNING: Module "V" already enabled! @ https://js-cdn.dynatrace.com/jstag/176666e3e5a/bf11493kpk/17ac60b5111a5900_complete.js:112
[    1489ms] [LOG] WARNING: Module "f" already enabled! @ https://js-cdn.dynatrace.com/jstag/176666e3e5a/bf11493kpk/17ac60b5111a5900_complete.js:112
[    1489ms] [LOG] WARNING: Module "h" already enabled! @ https://js-cdn.dynatrace.com/jstag/176666e3e5a/bf11493kpk/17ac60b5111a5900_complete.js:112
[    1489ms] [LOG] WARNING: Module "q" already enabled! @ https://js-cdn.dynatrace.com/jstag/176666e3e5a/bf11493kpk/17ac60b5111a5900_complete.js:112
[    1489ms] [LOG] WARNING: Module "r" already enabled! @ https://js-cdn.dynatrace.com/jstag/176666e3e5a/bf11493kpk/17ac60b5111a5900_complete.js:112
[    1489ms] [LOG] WARNING: Module "u" already enabled! @ https://js-cdn.dynatrace.com/jstag/176666e3e5a/bf11493kpk/17ac60b5111a5900_complete.js:112
[    1489ms] [LOG] WARNING: Module "x" already enabled! @ https://js-cdn.dynatrace.com/jstag/176666e3e5a/bf11493kpk/17ac60b5111a5900_complete.js:112
[    2154ms] [WARNING] Selector unknown returned a different result when called with the same parameters. This can lead to unnecessary rerenders.
Selectors that return a new reference (such as an object or an array) should be memoized: https://redux.js.org/usage/deriving-data-selectors#optimizing-selectors-with-memoization {state: Object, selected: Object, selected2: Object, stack: Error
    at https://developers.adp.com/static/ind…tps://developers.adp.com/static/index.js:141:383)} @ https://developers.adp.com/static/index.js:217
[    2189ms] [WARNING] ⚠️ React Router Future Flag Warning: React Router will begin wrapping state updates in `React.startTransition` in v7. You can use the `v7_startTransition` future flag to opt-in early. For more information, see https://reactrouter.com/v6/upgrading/future#v7_starttransition. @ https://developers.adp.com/static/index.js:280
[    2190ms] [WARNING] ⚠️ React Router Future Flag Warning: Relative route resolution within Splat routes is changing in v7. You can use the `v7_relativeSplatPath` future flag to opt-in early. For more information, see https://reactrouter.com/v6/upgrading/future#v7_relativesplatpath. @ https://developers.adp.com/static/index.js:280
[    2343ms] [ERROR] Failed to load resource: the server responded with a status of 401 () @ https://developers.adp.com/api/userInfo:0
[    2764ms] [ERROR] Warning: Cannot update a component (`%s`) while rendering a different component (`%s`). To locate the bad setState() call inside `%s`, follow the stack trace as described in https://reactjs.org/link/setstate-in-render%s xce cV cV 
    at cV (https://developers.adp.com/static/index.js:568:10371)
    at nce (https://developers.adp.com/static/index.js:281:3252)
    at bce (https://developers.adp.com/static/index.js:281:8982)
    at xFe
    at wBe (https://developers.adp.com/static/index.js:510:9409)
    at sdf-page-layout
    at o (https://developers.adp.com/static/index.js:293:975)
    at SdfPageLayout
    at main
    at sfc-shell
    at o (https://developers.adp.com/static/index.js:293:975)
    at SfcShell
    at hce (https://developers.adp.com/static/index.js:281:8087)
    at xce (https://developers.adp.com/static/index.js:290:3105)
    at YE
    at KFe (https://developers.adp.com/static/index.js:568:61693)
    at QFe (https://developers.adp.com/static/index.js:568:62117)
    at kV (https://developers.adp.com/static/index.js:239:476) @ https://developers.adp.com/static/index.js:67
[    2925ms] [ERROR] Failed to load resource: the server responded with a status of 401 () @ https://developers.adp.com/api/userInfo:0
